// Jest Snapshot v1, https://goo.gl/fbAQLP

exports[`<SpraysScreen/> when press a spray button given that it is in position 0 1`] = `
<RCTScrollView
  bounces={false}
>
  <View>
    <View
      style={
        {
          "paddingHorizontal": 8,
        }
      }
    >
      <View
        style={
          {
            "flexBasis": 0,
            "flexDirection": "row",
            "flexGrow": 1,
            "flexShrink": 1,
            "justifyContent": "center",
            "width": "100%",
          }
        }
      >
        <View
          accessibilityLabel="select spray 1"
          accessibilityState={
            {
              "busy": undefined,
              "checked": undefined,
              "disabled": undefined,
              "expanded": undefined,
              "selected": undefined,
            }
          }
          accessibilityValue={
            {
              "max": undefined,
              "min": undefined,
              "now": undefined,
              "text": undefined,
            }
          }
          accessible={true}
          collapsable={false}
          focusable={true}
          onClick={[Function]}
          onResponderGrant={[Function]}
          onResponderMove={[Function]}
          onResponderRelease={[Function]}
          onResponderTerminate={[Function]}
          onResponderTerminationRequest={[Function]}
          onStartShouldSetResponder={[Function]}
          style={
            {
              "aspectRatio": 1,
              "backgroundColor": "#cfcfcf11",
              "borderBottomLeftRadius": 10,
              "borderBottomRightRadius": 10,
              "borderTopLeftRadius": 10,
              "borderTopRightRadius": 10,
              "flexBasis": 0,
              "flexGrow": 1,
              "flexShrink": 1,
              "marginBottom": 8,
              "marginLeft": 8,
              "marginRight": 8,
              "marginTop": 8,
              "maxHeight": 250,
              "maxWidth": 250,
              "opacity": 1,
            }
          }
        >
          <Image
            contentFit="cover"
            source={1}
            style={
              {
                "height": "90%",
                "width": "90%",
              }
            }
          />
        </View>
        <View
          accessibilityLabel="select spray 2"
          accessibilityState={
            {
              "busy": undefined,
              "checked": undefined,
              "disabled": undefined,
              "expanded": undefined,
              "selected": undefined,
            }
          }
          accessibilityValue={
            {
              "max": undefined,
              "min": undefined,
              "now": undefined,
              "text": undefined,
            }
          }
          accessible={true}
          collapsable={false}
          focusable={true}
          onClick={[Function]}
          onResponderGrant={[Function]}
          onResponderMove={[Function]}
          onResponderRelease={[Function]}
          onResponderTerminate={[Function]}
          onResponderTerminationRequest={[Function]}
          onStartShouldSetResponder={[Function]}
          style={
            {
              "aspectRatio": 1,
              "backgroundColor": "#cfcfcf11",
              "borderBottomLeftRadius": 10,
              "borderBottomRightRadius": 10,
              "borderTopLeftRadius": 10,
              "borderTopRightRadius": 10,
              "flexBasis": 0,
              "flexGrow": 1,
              "flexShrink": 1,
              "marginBottom": 8,
              "marginLeft": 8,
              "marginRight": 8,
              "marginTop": 8,
              "maxHeight": 250,
              "maxWidth": 250,
              "opacity": 1,
            }
          }
        >
          <Image
            contentFit="cover"
            source={1}
            style={
              {
                "height": "90%",
                "width": "90%",
              }
            }
          />
        </View>
      </View>
      <View
        style={
          {
            "flexBasis": 0,
            "flexDirection": "row",
            "flexGrow": 1,
            "flexShrink": 1,
            "justifyContent": "center",
            "width": "100%",
          }
        }
      >
        <View
          accessibilityLabel="select spray 3"
          accessibilityState={
            {
              "busy": undefined,
              "checked": undefined,
              "disabled": undefined,
              "expanded": undefined,
              "selected": undefined,
            }
          }
          accessibilityValue={
            {
              "max": undefined,
              "min": undefined,
              "now": undefined,
              "text": undefined,
            }
          }
          accessible={true}
          collapsable={false}
          focusable={true}
          onClick={[Function]}
          onResponderGrant={[Function]}
          onResponderMove={[Function]}
          onResponderRelease={[Function]}
          onResponderTerminate={[Function]}
          onResponderTerminationRequest={[Function]}
          onStartShouldSetResponder={[Function]}
          style={
            {
              "aspectRatio": 1,
              "backgroundColor": "#cfcfcf11",
              "borderBottomLeftRadius": 10,
              "borderBottomRightRadius": 10,
              "borderTopLeftRadius": 10,
              "borderTopRightRadius": 10,
              "flexBasis": 0,
              "flexGrow": 1,
              "flexShrink": 1,
              "marginBottom": 8,
              "marginLeft": 8,
              "marginRight": 8,
              "marginTop": 8,
              "maxHeight": 250,
              "maxWidth": 250,
              "opacity": 1,
            }
          }
        >
          <Image
            contentFit="cover"
            source={1}
            style={
              {
                "height": "90%",
                "width": "90%",
              }
            }
          />
        </View>
        <View
          accessibilityLabel="select spray 4"
          accessibilityState={
            {
              "busy": undefined,
              "checked": undefined,
              "disabled": undefined,
              "expanded": undefined,
              "selected": undefined,
            }
          }
          accessibilityValue={
            {
              "max": undefined,
              "min": undefined,
              "now": undefined,
              "text": undefined,
            }
          }
          accessible={true}
          collapsable={false}
          focusable={true}
          onClick={[Function]}
          onResponderGrant={[Function]}
          onResponderMove={[Function]}
          onResponderRelease={[Function]}
          onResponderTerminate={[Function]}
          onResponderTerminationRequest={[Function]}
          onStartShouldSetResponder={[Function]}
          style={
            {
              "aspectRatio": 1,
              "backgroundColor": "#cfcfcf11",
              "borderBottomLeftRadius": 10,
              "borderBottomRightRadius": 10,
              "borderTopLeftRadius": 10,
              "borderTopRightRadius": 10,
              "flexBasis": 0,
              "flexGrow": 1,
              "flexShrink": 1,
              "marginBottom": 8,
              "marginLeft": 8,
              "marginRight": 8,
              "marginTop": 8,
              "maxHeight": 250,
              "maxWidth": 250,
              "opacity": 1,
            }
          }
        >
          <Image
            contentFit="cover"
            source={1}
            style={
              {
                "height": "90%",
                "width": "90%",
              }
            }
          />
        </View>
      </View>
    </View>
  </View>
</RCTScrollView>
`;
