// Jest Snapshot v1, https://goo.gl/fbAQLP

exports[`given that the component is rendered render image passed by props 1`] = `
<View
  accessibilityState={
    {
      "busy": undefined,
      "checked": undefined,
      "disabled": undefined,
      "expanded": undefined,
      "selected": undefined,
    }
  }
  accessibilityValue={
    {
      "max": undefined,
      "min": undefined,
      "now": undefined,
      "text": undefined,
    }
  }
  accessible={true}
  collapsable={false}
  focusable={true}
  onClick={[Function]}
  onResponderGrant={[Function]}
  onResponderMove={[Function]}
  onResponderRelease={[Function]}
  onResponderTerminate={[Function]}
  onResponderTerminationRequest={[Function]}
  onStartShouldSetResponder={[Function]}
  style={
    {
      "alignItems": "center",
      "aspectRatio": 1,
      "backgroundColor": "#cfcfcf11",
      "borderBottomLeftRadius": 10,
      "borderBottomRightRadius": 10,
      "borderTopLeftRadius": 10,
      "borderTopRightRadius": 10,
      "flexBasis": 0,
      "flexGrow": 1,
      "flexShrink": 1,
      "justifyContent": "center",
      "maxHeight": 250,
      "maxWidth": 250,
      "opacity": 1,
    }
  }
  testID="weapon-button"
>
  <Image
    contentFit="cover"
    source="placeholder-image.png"
    style={
      {
        "height": "90%",
        "width": "90%",
      }
    }
  />
</View>
`;
